
> analytics-platform@0.1.0 dev
> npm run dev --workspace @analytics/web


> @analytics/web@0.1.0 dev
> next dev

  ▲ Next.js 14.2.21
  - Local:        http://localhost:3000

 ✓ Starting...
 ✓ Ready in 2.1s
 ○ Compiling /api/health ...
 ✓ Compiled /api/health in 1063ms (56 modules)
 GET /api/health 200 in 1294ms
 GET /api/health 200 in 27ms
 GET /api/health 200 in 20ms
 GET /api/health 200 in 29ms
 GET /api/health 200 in 51ms
 GET /api/health 200 in 34ms
 GET /api/health 200 in 20ms
 GET /api/health 200 in 45ms
 GET /api/health 200 in 54ms
 GET /api/health 200 in 47ms
 GET /api/health 200 in 27ms
 GET /api/health 200 in 31ms
 GET /api/health 200 in 34ms
 GET /api/health 200 in 35ms
 GET /api/health 200 in 14ms
 GET /api/health 200 in 32ms
 GET /api/health 200 in 35ms
 GET /api/health 200 in 43ms
 GET /api/health 200 in 15ms
 GET /api/health 200 in 11ms
 GET /api/health 200 in 26ms
 GET /api/health 200 in 8ms
 GET /api/health 200 in 13ms
 GET /api/health 200 in 10ms
 GET /api/health 200 in 10ms
 GET /api/health 200 in 8ms
 GET /api/health 200 in 8ms
 GET /api/health 200 in 10ms
 GET /api/health 200 in 10ms
 GET /api/health 200 in 15ms
 ○ Compiling /_not-found ...
 ✓ Compiled /api/analytics/warehouse/query in 9s (2723 modules)
 GET /_next/static/webpack/106273cb82cc3163.webpack.hot-update.json 404 in 9720ms
 POST /api/analytics/warehouse/query 200 in 8196ms
 GET /executive-summary?view=admin 200 in 6291ms
 ✓ Compiled /api/analytics/widget-data in 358ms (1394 modules)
 GET /api/health 200 in 14ms
 POST /api/analytics/widget-data 200 in 1158ms
 ✓ Compiled /api/analytics/warehouse/catalog in 366ms (1396 modules)
 POST /api/analytics/widget-data 200 in 2241ms
 POST /api/analytics/widget-data 200 in 2246ms
 POST /api/analytics/widget-data 200 in 2251ms
 POST /api/analytics/widget-data 200 in 2255ms
 POST /api/analytics/widget-data 200 in 2265ms
 POST /api/analytics/widget-data 200 in 1388ms
 POST /api/analytics/widget-data 200 in 1444ms
 POST /api/analytics/widget-data 200 in 1469ms
 POST /api/analytics/widget-data 200 in 1474ms
 POST /api/analytics/widget-data 200 in 1595ms
 GET /api/health 200 in 16ms
 GET /api/analytics/warehouse/catalog 200 in 4386ms
 POST /api/analytics/widget-data 200 in 2307ms
 POST /api/analytics/widget-data 200 in 2765ms
 POST /api/analytics/widget-data 200 in 2806ms
 POST /api/analytics/widget-data 200 in 2784ms
 POST /api/analytics/widget-data 200 in 3066ms
 GET /api/health 200 in 14ms
 POST /api/analytics/widget-data 200 in 1950ms
 POST /api/analytics/widget-data 200 in 1823ms
 POST /api/analytics/widget-data 200 in 1756ms
 POST /api/analytics/widget-data 200 in 1343ms
 POST /api/analytics/widget-data 200 in 1765ms
 POST /api/analytics/widget-data 200 in 1794ms
 POST /api/analytics/widget-data 200 in 1536ms
 POST /api/analytics/widget-data 200 in 1840ms
 POST /api/analytics/widget-data 200 in 1339ms
 POST /api/analytics/widget-data 200 in 2445ms
 POST /api/analytics/widget-data 200 in 2451ms
 POST /api/analytics/widget-data 200 in 2455ms
 POST /api/analytics/warehouse/query 200 in 2278ms
 POST /api/analytics/widget-data 200 in 538ms
 POST /api/analytics/widget-data 200 in 430ms
 POST /api/analytics/widget-data 200 in 600ms
 GET /api/health 200 in 13ms
 POST /api/analytics/widget-data 200 in 472ms
 POST /api/analytics/warehouse/query 200 in 837ms
 POST /api/analytics/warehouse/query 200 in 881ms
 POST /api/analytics/warehouse/query 200 in 864ms
 POST /api/analytics/warehouse/query 200 in 740ms
 GET /executive-summary 200 in 93ms
 GET /executive-summary 200 in 101ms
 POST /api/analytics/widget-data 200 in 1371ms
 POST /api/analytics/widget-data 200 in 2094ms
 POST /api/analytics/widget-data 200 in 2112ms
 POST /api/analytics/widget-data 200 in 2116ms
 POST /api/analytics/widget-data 200 in 2120ms
 POST /api/analytics/widget-data 200 in 834ms
 POST /api/analytics/widget-data 200 in 3377ms
 POST /api/analytics/widget-data 200 in 2622ms
 POST /api/analytics/widget-data 200 in 2626ms
 POST /api/analytics/widget-data 200 in 2629ms
 POST /api/analytics/warehouse/query 200 in 2844ms
 POST /api/analytics/widget-data 200 in 3290ms
 POST /api/analytics/warehouse/query 200 in 3301ms
 GET /api/analytics/warehouse/catalog 200 in 8079ms
 POST /api/analytics/warehouse/query 200 in 1123ms
 POST /api/analytics/widget-data 200 in 2132ms
 POST /api/analytics/widget-data 200 in 2146ms
 POST /api/analytics/widget-data 200 in 2145ms
 POST /api/analytics/widget-data 200 in 2182ms
 POST /api/analytics/widget-data 200 in 2177ms
 POST /api/analytics/widget-data 200 in 1323ms
 POST /api/analytics/widget-data 200 in 1330ms
 POST /api/analytics/widget-data 200 in 1338ms
 POST /api/analytics/widget-data 200 in 3525ms
 POST /api/analytics/widget-data 200 in 1344ms
 POST /api/analytics/widget-data 200 in 1351ms
 POST /api/analytics/widget-data 200 in 983ms
 POST /api/analytics/widget-data 200 in 2092ms
 POST /api/analytics/widget-data 200 in 2099ms
 POST /api/analytics/widget-data 200 in 2103ms
 POST /api/analytics/widget-data 200 in 2112ms
 POST /api/analytics/widget-data 200 in 1790ms
 POST /api/analytics/widget-data 200 in 1615ms
 POST /api/analytics/widget-data 200 in 1628ms
 POST /api/analytics/widget-data 200 in 1640ms
 POST /api/analytics/widget-data 200 in 3760ms
 POST /api/analytics/widget-data 200 in 1646ms
 POST /api/analytics/widget-data 200 in 1856ms
 POST /api/analytics/widget-data 200 in 3396ms
 POST /api/analytics/widget-data 200 in 3902ms
 POST /api/analytics/widget-data 200 in 3909ms
 POST /api/analytics/widget-data 200 in 3920ms
 POST /api/analytics/widget-data 200 in 3930ms
 POST /api/analytics/warehouse/query 200 in 4979ms
 POST /api/analytics/widget-data 200 in 1920ms
 POST /api/analytics/widget-data 200 in 1926ms
 POST /api/analytics/widget-data 200 in 2299ms
 POST /api/analytics/widget-data 200 in 1938ms
 POST /api/analytics/widget-data 200 in 1944ms
 POST /api/analytics/widget-data 200 in 929ms
 POST /api/analytics/widget-data 200 in 2191ms
 POST /api/analytics/widget-data 200 in 2200ms
 POST /api/analytics/widget-data 200 in 2207ms
 POST /api/analytics/widget-data 200 in 2215ms
 POST /api/analytics/warehouse/query 200 in 2918ms
 POST /api/analytics/warehouse/query 200 in 2475ms
 POST /api/analytics/warehouse/query 200 in 2586ms
 POST /api/analytics/warehouse/query 200 in 8325ms
 POST /api/analytics/warehouse/query 200 in 697ms
 POST /api/analytics/warehouse/query 200 in 773ms
 POST /api/analytics/warehouse/query 200 in 660ms
 POST /api/analytics/warehouse/query 200 in 665ms
 GET /api/analytics/warehouse/catalog 200 in 1810ms
 POST /api/analytics/warehouse/query 200 in 970ms
 POST /api/analytics/warehouse/query 200 in 730ms
 POST /api/analytics/warehouse/query 200 in 475ms
 POST /api/analytics/warehouse/query 200 in 624ms
 POST /api/analytics/warehouse/query 200 in 812ms
 GET /api/health 200 in 20ms
 POST /api/analytics/warehouse/query 200 in 780ms
 GET /executive-summary?view=admin 200 in 242ms
 POST /api/analytics/widget-data 200 in 1378ms
 POST /api/analytics/widget-data 200 in 1385ms
 POST /api/analytics/widget-data 200 in 1399ms
 POST /api/analytics/widget-data 200 in 1404ms
 POST /api/analytics/widget-data 200 in 1408ms
 POST /api/analytics/widget-data 200 in 2731ms
 POST /api/analytics/widget-data 200 in 1379ms
 POST /api/analytics/widget-data 200 in 1997ms
 POST /api/analytics/widget-data 200 in 1975ms
 POST /api/analytics/widget-data 200 in 1985ms
 POST /api/analytics/widget-data 200 in 1989ms
 POST /api/analytics/widget-data 200 in 2565ms
 POST /api/analytics/widget-data 200 in 2418ms
 POST /api/analytics/widget-data 200 in 2419ms
 POST /api/analytics/widget-data 200 in 2461ms
 POST /api/analytics/widget-data 200 in 2491ms
 POST /api/analytics/widget-data 200 in 3082ms
 GET /api/analytics/warehouse/catalog 200 in 6576ms
 POST /api/analytics/widget-data 200 in 3467ms
 POST /api/analytics/widget-data 200 in 3513ms
 POST /api/analytics/widget-data 200 in 3473ms
 POST /api/analytics/widget-data 200 in 4064ms
 POST /api/analytics/widget-data 200 in 1417ms
 POST /api/analytics/widget-data 200 in 3159ms
 POST /api/analytics/widget-data 200 in 3158ms
 POST /api/analytics/widget-data 200 in 3166ms
 POST /api/analytics/widget-data 200 in 3171ms
 POST /api/analytics/widget-data 200 in 3179ms
 POST /api/analytics/widget-data 200 in 2740ms
 POST /api/analytics/warehouse/query 200 in 1238ms
 GET /executive-summary 200 in 88ms
 GET /executive-summary 200 in 121ms
 POST /api/analytics/widget-data 200 in 769ms
 POST /api/analytics/widget-data 200 in 776ms
 POST /api/analytics/widget-data 200 in 802ms
 POST /api/analytics/widget-data 200 in 793ms
 POST /api/analytics/widget-data 200 in 1514ms
 POST /api/analytics/widget-data 200 in 1970ms
 POST /api/analytics/widget-data 200 in 3738ms
 POST /api/analytics/widget-data 200 in 3742ms
 POST /api/analytics/widget-data 200 in 3748ms
 GET /api/analytics/warehouse/catalog 200 in 4565ms
 POST /api/analytics/widget-data 200 in 4096ms
 POST /api/analytics/warehouse/query 200 in 3583ms
 POST /api/analytics/warehouse/query 200 in 1995ms
 POST /api/analytics/warehouse/query 200 in 2144ms
 POST /api/analytics/widget-data 200 in 2178ms
 POST /api/analytics/widget-data 200 in 1550ms
 POST /api/analytics/widget-data 200 in 1542ms
 POST /api/analytics/widget-data 200 in 1550ms
 POST /api/analytics/widget-data 200 in 1572ms
 POST /api/analytics/widget-data 200 in 1568ms
 POST /api/analytics/widget-data 200 in 1683ms
 POST /api/analytics/widget-data 200 in 1012ms
 POST /api/analytics/widget-data 200 in 1018ms
 POST /api/analytics/widget-data 200 in 1021ms
 POST /api/analytics/widget-data 200 in 1027ms
 POST /api/analytics/widget-data 200 in 1037ms
 POST /api/analytics/widget-data 200 in 1446ms
 POST /api/analytics/widget-data 200 in 1402ms
 POST /api/analytics/widget-data 200 in 1399ms
 POST /api/analytics/widget-data 200 in 1425ms
 POST /api/analytics/widget-data 200 in 1405ms
 POST /api/analytics/widget-data 200 in 1415ms
 POST /api/analytics/widget-data 200 in 1512ms
 POST /api/analytics/widget-data 200 in 1782ms
 POST /api/analytics/widget-data 200 in 1782ms
 POST /api/analytics/widget-data 200 in 1786ms
 POST /api/analytics/widget-data 200 in 1794ms
 POST /api/analytics/widget-data 200 in 1797ms
 POST /api/analytics/widget-data 200 in 2259ms
 POST /api/analytics/widget-data 200 in 1135ms
 POST /api/analytics/widget-data 200 in 2102ms
 POST /api/analytics/widget-data 200 in 2107ms
 POST /api/analytics/widget-data 200 in 2109ms
 POST /api/analytics/widget-data 200 in 236ms
 POST /api/analytics/widget-data 200 in 246ms
 POST /api/analytics/widget-data 200 in 242ms
 POST /api/analytics/widget-data 200 in 296ms
 POST /api/analytics/widget-data 200 in 298ms
 POST /api/analytics/widget-data 200 in 116ms
 POST /api/analytics/widget-data 200 in 368ms
 POST /api/analytics/widget-data 200 in 135ms
 POST /api/analytics/widget-data 200 in 153ms
 POST /api/analytics/widget-data 200 in 280ms
 POST /api/analytics/widget-data 200 in 1202ms
 POST /api/analytics/widget-data 200 in 1204ms
 POST /api/analytics/widget-data 200 in 1188ms
 POST /api/analytics/widget-data 200 in 1282ms
 POST /api/analytics/widget-data 200 in 1233ms
 POST /api/analytics/warehouse/query 200 in 744ms
 POST /api/analytics/warehouse/query 200 in 630ms
 POST /api/analytics/widget-data 200 in 1049ms
 POST /api/analytics/widget-data 200 in 1137ms
 POST /api/analytics/widget-data 200 in 1155ms
 POST /api/analytics/widget-data 200 in 1147ms
 POST /api/analytics/widget-data 200 in 1154ms
 POST /api/analytics/widget-data 200 in 2618ms
 POST /api/analytics/widget-data 200 in 1473ms
 POST /api/analytics/widget-data 200 in 1483ms
 POST /api/analytics/widget-data 200 in 1629ms
 POST /api/analytics/widget-data 200 in 1622ms
 POST /api/analytics/warehouse/query 200 in 4493ms
 POST /api/analytics/warehouse/query 200 in 4557ms
 POST /api/analytics/warehouse/query 200 in 4566ms
 POST /api/analytics/warehouse/query 200 in 4574ms
 POST /api/analytics/warehouse/query 200 in 6078ms
 ○ Compiling /video-explorer ...
 ✓ Compiled /video-explorer in 4.2s (2749 modules)
 ✓ Compiled in 760ms (1351 modules)
 GET /executive-summary 200 in 1361ms
 ✓ Compiled /api/analytics/warehouse/catalog in 484ms (1400 modules)
 POST /api/analytics/widget-data 200 in 2169ms
 POST /api/analytics/widget-data 200 in 2194ms
 POST /api/analytics/widget-data 200 in 2226ms
 POST /api/analytics/widget-data 200 in 2271ms
 POST /api/analytics/widget-data 200 in 2264ms
 POST /api/analytics/widget-data 200 in 1996ms
 POST /api/analytics/widget-data 200 in 2050ms
 POST /api/analytics/widget-data 200 in 2439ms
 POST /api/analytics/widget-data 200 in 2444ms
 POST /api/analytics/widget-data 200 in 2462ms
 GET /api/analytics/warehouse/catalog 200 in 6636ms
 POST /api/analytics/warehouse/query 200 in 3208ms
 POST /api/analytics/widget-data 200 in 3159ms
 POST /api/analytics/warehouse/query 200 in 2818ms
 POST /api/analytics/warehouse/query 200 in 1758ms
 POST /api/analytics/warehouse/query 200 in 1001ms
 POST /api/analytics/warehouse/query 200 in 611ms
 GET /executive-summary 200 in 74ms
 GET /executive-summary 200 in 488ms
 POST /api/analytics/widget-data 200 in 1098ms
 POST /api/analytics/widget-data 200 in 1627ms
 POST /api/analytics/widget-data 200 in 1648ms
 POST /api/analytics/widget-data 200 in 1636ms
 GET /api/analytics/warehouse/catalog 200 in 4588ms
 POST /api/analytics/widget-data 200 in 3485ms
 POST /api/analytics/widget-data 200 in 3488ms
 POST /api/analytics/widget-data 200 in 3499ms
 POST /api/analytics/widget-data 200 in 5150ms
 POST /api/analytics/widget-data 200 in 3584ms
 POST /api/analytics/widget-data 200 in 1530ms
 POST /api/analytics/warehouse/query 200 in 2077ms
 POST /api/analytics/warehouse/query 200 in 1995ms
 POST /api/analytics/widget-data 200 in 2003ms
 POST /api/analytics/warehouse/query 200 in 2015ms
 POST /api/analytics/widget-data 200 in 1499ms
 POST /api/analytics/widget-data 200 in 1500ms
 POST /api/analytics/widget-data 200 in 1502ms
 POST /api/analytics/widget-data 200 in 1529ms
 POST /api/analytics/widget-data 200 in 1522ms
 POST /api/analytics/widget-data 200 in 2486ms
 POST /api/analytics/widget-data 200 in 2188ms
 POST /api/analytics/widget-data 200 in 2178ms
 POST /api/analytics/widget-data 200 in 2200ms
 POST /api/analytics/widget-data 200 in 2202ms
 POST /api/analytics/widget-data 200 in 2190ms
 POST /api/analytics/widget-data 200 in 2800ms
 POST /api/analytics/widget-data 200 in 2261ms
 POST /api/analytics/widget-data 200 in 2265ms
 POST /api/analytics/widget-data 200 in 2271ms
 POST /api/analytics/widget-data 200 in 2273ms
 POST /api/analytics/widget-data 200 in 2306ms
 POST /api/analytics/widget-data 200 in 1834ms
 POST /api/analytics/widget-data 200 in 2555ms
 POST /api/analytics/widget-data 200 in 2556ms
 POST /api/analytics/widget-data 200 in 2559ms
 POST /api/analytics/widget-data 200 in 2567ms
 POST /api/analytics/widget-data 200 in 2583ms
 POST /api/analytics/widget-data 200 in 2506ms
 POST /api/analytics/widget-data 200 in 2938ms
 POST /api/analytics/widget-data 200 in 2945ms
 POST /api/analytics/widget-data 200 in 2950ms
 POST /api/analytics/widget-data 200 in 2970ms
 POST /api/analytics/widget-data 200 in 1592ms
 POST /api/analytics/widget-data 200 in 1604ms
 POST /api/analytics/widget-data 200 in 1592ms
 POST /api/analytics/widget-data 200 in 1612ms
 POST /api/analytics/widget-data 200 in 1614ms
 POST /api/analytics/widget-data 200 in 1419ms
 POST /api/analytics/widget-data 200 in 1435ms
 POST /api/analytics/widget-data 200 in 1483ms
 POST /api/analytics/widget-data 200 in 1496ms
 POST /api/analytics/widget-data 200 in 3144ms
 POST /api/analytics/warehouse/query 200 in 4799ms
 POST /api/analytics/warehouse/query 200 in 4914ms
 POST /api/analytics/warehouse/query 200 in 5049ms
 POST /api/analytics/warehouse/query 200 in 6551ms
 POST /api/analytics/warehouse/query 200 in 5071ms
 POST /api/analytics/warehouse/query 200 in 935ms
 GET /executive-summary?view=admin 200 in 141ms
 POST /api/analytics/widget-data 200 in 1616ms
 POST /api/analytics/widget-data 200 in 1627ms
 POST /api/analytics/widget-data 200 in 1713ms
 POST /api/analytics/widget-data 200 in 1729ms
 POST /api/analytics/widget-data 200 in 955ms
 POST /api/analytics/widget-data 200 in 4152ms
 GET /api/analytics/warehouse/catalog 200 in 4159ms
 POST /api/analytics/widget-data 200 in 2445ms
 POST /api/analytics/widget-data 200 in 2532ms
 POST /api/analytics/widget-data 200 in 2437ms
 POST /api/analytics/widget-data 200 in 2325ms
 POST /api/analytics/widget-data 200 in 1678ms
 POST /api/analytics/widget-data 200 in 1684ms
 POST /api/analytics/widget-data 200 in 1688ms
 POST /api/analytics/widget-data 200 in 1692ms
 POST /api/analytics/widget-data 200 in 1699ms
 POST /api/analytics/widget-data 200 in 1847ms
 POST /api/analytics/widget-data 200 in 1054ms
 POST /api/analytics/widget-data 200 in 1065ms
 POST /api/analytics/widget-data 200 in 1065ms
 POST /api/analytics/widget-data 200 in 1072ms
 POST /api/analytics/widget-data 200 in 1071ms
 POST /api/analytics/widget-data 200 in 1771ms
 POST /api/analytics/widget-data 200 in 1992ms
 POST /api/analytics/widget-data 200 in 2000ms
 POST /api/analytics/widget-data 200 in 2005ms
 POST /api/analytics/widget-data 200 in 2007ms
 POST /api/analytics/widget-data 200 in 2012ms
 POST /api/analytics/widget-data 200 in 1488ms
 POST /api/analytics/warehouse/query 200 in 1224ms
 POST /api/analytics/warehouse/query 200 in 1033ms
 GET /executive-summary?view=admin 200 in 153ms
 POST /api/analytics/widget-data 200 in 1778ms
 POST /api/analytics/widget-data 200 in 1782ms
 POST /api/analytics/widget-data 200 in 1804ms
 POST /api/analytics/widget-data 200 in 1967ms
 POST /api/analytics/widget-data 200 in 1972ms
 POST /api/analytics/widget-data 200 in 1662ms
 POST /api/analytics/widget-data 200 in 1645ms
 POST /api/analytics/widget-data 200 in 1726ms
 POST /api/analytics/widget-data 200 in 2174ms
 GET /api/analytics/warehouse/catalog 200 in 6165ms
 POST /api/analytics/widget-data 200 in 4188ms
 POST /api/analytics/widget-data 200 in 3809ms
 POST /api/analytics/widget-data 200 in 3736ms
 POST /api/analytics/widget-data 200 in 1728ms
 POST /api/analytics/widget-data 200 in 4392ms
 POST /api/analytics/widget-data 200 in 4460ms
 POST /api/analytics/widget-data 200 in 1741ms
 POST /api/analytics/widget-data 200 in 1753ms
 POST /api/analytics/widget-data 200 in 1735ms
 POST /api/analytics/widget-data 200 in 1739ms
 POST /api/analytics/widget-data 200 in 2382ms
 POST /api/analytics/widget-data 200 in 1745ms
 POST /api/analytics/widget-data 200 in 1755ms
 POST /api/analytics/widget-data 200 in 2261ms
 POST /api/analytics/widget-data 200 in 2265ms
 POST /api/analytics/widget-data 200 in 2267ms
 POST /api/analytics/widget-data 200 in 2269ms
 POST /api/analytics/widget-data 200 in 2267ms
 POST /api/analytics/widget-data 200 in 3081ms
 POST /api/analytics/warehouse/query 200 in 1061ms
 POST /api/analytics/warehouse/query 200 in 4130ms
 POST /api/analytics/widget-data 200 in 1478ms
 POST /api/analytics/widget-data 200 in 1484ms
 POST /api/analytics/widget-data 200 in 1479ms
 POST /api/analytics/widget-data 200 in 1489ms
 POST /api/analytics/widget-data 200 in 1501ms
 POST /api/analytics/widget-data 200 in 1666ms
 POST /api/analytics/widget-data 200 in 1353ms
 POST /api/analytics/widget-data 200 in 1358ms
 POST /api/analytics/widget-data 200 in 1362ms
 POST /api/analytics/widget-data 200 in 1386ms
 POST /api/analytics/warehouse/query 200 in 1391ms
 POST /api/analytics/widget-data 200 in 1333ms
 POST /api/analytics/warehouse/query 200 in 916ms
 POST /api/analytics/warehouse/query 200 in 1185ms
 POST /api/analytics/widget-data 200 in 1217ms
 POST /api/analytics/widget-data 200 in 1220ms
 POST /api/analytics/widget-data 200 in 1232ms
 POST /api/analytics/widget-data 200 in 1227ms
 POST /api/analytics/widget-data 200 in 1231ms
 POST /api/analytics/widget-data 200 in 1944ms
 POST /api/analytics/widget-data 200 in 1912ms
 POST /api/analytics/widget-data 200 in 1936ms
 POST /api/analytics/widget-data 200 in 1975ms
 POST /api/analytics/widget-data 200 in 1976ms
 POST /api/analytics/warehouse/query 200 in 6012ms
 POST /api/analytics/warehouse/query 200 in 4913ms
 POST /api/analytics/warehouse/query 200 in 4942ms
 POST /api/analytics/warehouse/query 200 in 5081ms
 POST /api/analytics/warehouse/query 200 in 7081ms
 GET /api/analytics/warehouse/catalog 200 in 7360ms
 POST /api/analytics/warehouse/query 200 in 687ms
 POST /api/analytics/warehouse/query 200 in 737ms
 POST /api/analytics/warehouse/query 200 in 567ms
 POST /api/analytics/warehouse/query 200 in 926ms
 POST /api/analytics/warehouse/query 200 in 1826ms
 GET /api/analytics/warehouse/catalog 200 in 5805ms
 POST /api/analytics/warehouse/query 200 in 683ms
 POST /api/analytics/warehouse/query 200 in 539ms
 POST /api/analytics/warehouse/query 200 in 641ms
 POST /api/analytics/warehouse/query 200 in 522ms
 POST /api/analytics/warehouse/query 200 in 748ms
 POST /api/analytics/warehouse/query 200 in 656ms
 POST /api/analytics/warehouse/query 200 in 932ms
 POST /api/analytics/warehouse/query 200 in 777ms
 POST /api/analytics/warehouse/query 200 in 605ms
 POST /api/analytics/warehouse/query 200 in 739ms
 POST /api/analytics/warehouse/query 200 in 598ms
 POST /api/analytics/widget-data 200 in 800ms
 POST /api/analytics/widget-data 200 in 754ms
 POST /api/analytics/warehouse/query 200 in 609ms
 POST /api/analytics/warehouse/query 200 in 541ms
 POST /api/analytics/warehouse/query 200 in 1467ms
 POST /api/analytics/warehouse/query 200 in 644ms
 POST /api/analytics/warehouse/query 200 in 669ms
 POST /api/analytics/warehouse/query 200 in 621ms
 POST /api/analytics/warehouse/query 200 in 903ms
 POST /api/analytics/warehouse/query 200 in 1219ms
 POST /api/analytics/warehouse/query 200 in 739ms
 POST /api/analytics/warehouse/query 200 in 993ms
 POST /api/analytics/warehouse/query 200 in 821ms
 ○ Compiling /api/analytics/warehouse/query ...
 ✓ Compiled /api/analytics/warehouse/query in 3.9s (2713 modules)
 ✓ Compiled /api/analytics/warehouse/catalog in 1ms (1393 modules)
 ✓ Compiled (1395 modules)
 POST /api/analytics/warehouse/query 200 in 3237ms
 GET /api/analytics/warehouse/catalog 200 in 4569ms
 ✓ Compiled in 1146ms (2746 modules)
 POST /api/analytics/warehouse/query 200 in 1163ms
 GET /api/analytics/warehouse/catalog 200 in 3774ms
 POST /api/analytics/warehouse/query 200 in 1039ms
 POST /api/analytics/warehouse/query 200 in 4351ms
 POST /api/analytics/warehouse/query 200 in 1011ms
 POST /api/analytics/warehouse/query 200 in 1363ms
 ○ Compiling /api/analytics/widget-data ...
 ✓ Compiled /api/analytics/widget-data in 1502ms (1398 modules)
 POST /api/analytics/widget-data 200 in 2833ms
 POST /api/analytics/widget-data 200 in 2830ms
 POST /api/analytics/widget-data 200 in 2839ms
 POST /api/analytics/widget-data 200 in 2848ms
 POST /api/analytics/widget-data 200 in 2877ms
 POST /api/analytics/widget-data 200 in 3310ms
 ○ Compiling /_error ...
 POST /api/analytics/widget-data 200 in 1267ms
 POST /api/analytics/widget-data 200 in 1264ms
 POST /api/analytics/widget-data 200 in 1276ms
 POST /api/analytics/widget-data 200 in 1277ms
 ✓ Compiled /api/analytics/warehouse/catalog in 6.4s (2963 modules)
 POST /api/analytics/warehouse/query 500 in 7733ms
 POST /api/analytics/warehouse/query 500 in 7250ms
 POST /api/analytics/warehouse/query 500 in 6323ms
 POST /api/analytics/warehouse/query 500 in 6324ms
 POST /api/analytics/warehouse/query 500 in 6324ms
 GET /api/analytics/warehouse/catalog 500 in 6372ms
 ○ Compiling /_not-found ...
 ✓ Compiled /_not-found in 4.6s (2966 modules)
 GET /_next/static/css/app/layout.css?v=1780467920626 404 in 5185ms
 POST /api/analytics/warehouse/query 500 in 620ms
 POST /api/analytics/warehouse/query 500 in 400ms
 POST /api/analytics/warehouse/query 500 in 648ms
 POST /api/analytics/warehouse/query 500 in 40ms
 POST /api/analytics/warehouse/query 500 in 47ms
 GET /api/analytics/warehouse/catalog 500 in 57ms
 POST /api/analytics/warehouse/query 500 in 29ms
 POST /api/analytics/warehouse/query 500 in 114ms
 POST /api/analytics/warehouse/query 500 in 35ms
 POST /api/analytics/warehouse/query 500 in 22ms
 POST /api/analytics/warehouse/query 500 in 39ms
 POST /api/analytics/warehouse/query 500 in 38ms
 GET /api/analytics/warehouse/catalog 500 in 35ms
 POST /api/analytics/warehouse/query 500 in 45ms
 POST /api/analytics/warehouse/query 500 in 40ms
 POST /api/analytics/warehouse/query 500 in 53ms
 POST /api/analytics/warehouse/query 500 in 29ms
 GET /api/analytics/warehouse/catalog 500 in 57ms
 POST /api/analytics/warehouse/query 404 in 42ms
 POST /api/analytics/warehouse/query 404 in 23ms
 GET /api/analytics/warehouse/catalog 500 in 45ms
 POST /api/analytics/warehouse/query 500 in 71ms
 POST /api/analytics/warehouse/query 500 in 38ms
 POST /api/analytics/warehouse/query 500 in 36ms
 GET /executive-summary 500 in 42ms
 POST /api/analytics/widget-data 500 in 50ms
 POST /api/analytics/warehouse/query 500 in 31ms
[?25h
